
Allocating common symbols
Common symbol       size              file

adc_sample          0x2               build/src/main.o

Discarded input sections

 .text          0x0000000000000000        0x0 build/src/ADC.o
 .data          0x0000000000000000        0x0 build/src/ADC.o
 .bss           0x0000000000000000        0x0 build/src/ADC.o
 .text          0x0000000000000000        0x0 build/src/DAC.o
 .data          0x0000000000000000        0x0 build/src/DAC.o
 .bss           0x0000000000000000        0x0 build/src/DAC.o
 .text          0x0000000000000000        0x0 build/src/main.o
 .data          0x0000000000000000        0x0 build/src/main.o
 .bss           0x0000000000000000        0x0 build/src/main.o
 COMMON         0x0000000000000000        0x2 build/src/main.o
 .text          0x0000000000000000        0x0 build/src/MCG.o
 .data          0x0000000000000000        0x0 build/src/MCG.o
 .bss           0x0000000000000000        0x0 build/src/MCG.o
 .text          0x0000000000000000        0x0 build/src/TimerInt.o
 .data          0x0000000000000000        0x0 build/src/TimerInt.o
 .bss           0x0000000000000000        0x0 build/src/TimerInt.o
 .text          0x0000000000000000        0x0 build/src/uart.o
 .data          0x0000000000000000        0x0 build/src/uart.o
 .bss           0x0000000000000000        0x0 build/src/uart.o
 .text.UART0_Init
                0x0000000000000000       0x44 build/src/uart.o
 .text.UART0_PutChar
                0x0000000000000000       0x10 build/src/uart.o
 .text.UART0_Print
                0x0000000000000000       0x1c build/src/uart.o
 .comment       0x0000000000000000       0x12 build/src/uart.o
 .ARM.attributes
                0x0000000000000000       0x34 build/src/uart.o
 .text          0x0000000000000000        0x0 build/RTE/Device/MK22FN512VLH12/system_MK22F51212.o
 .data          0x0000000000000000        0x0 build/RTE/Device/MK22FN512VLH12/system_MK22F51212.o
 .bss           0x0000000000000000        0x0 build/RTE/Device/MK22FN512VLH12/system_MK22F51212.o
 .text.SystemCoreClockUpdate
                0x0000000000000000      0x17c build/RTE/Device/MK22FN512VLH12/system_MK22F51212.o
 .data.SystemCoreClock
                0x0000000000000000        0x4 build/RTE/Device/MK22FN512VLH12/system_MK22F51212.o
 .text          0x0000000000000000        0x0 build/startup.o
 .data          0x0000000000000000        0x0 build/startup.o
 .bss           0x0000000000000000        0x0 build/startup.o

Memory Configuration

Name             Origin             Length             Attributes
FLASH            0x0000000000000000 0x0000000000080000 xr
RAM              0x000000001fff0000 0x0000000000020000 xrw
*default*        0x0000000000000000 0xffffffffffffffff

Linker script and memory map

LOAD build/src/ADC.o
LOAD build/src/DAC.o
LOAD build/src/main.o
LOAD build/src/MCG.o
LOAD build/src/TimerInt.o
LOAD build/src/uart.o
LOAD build/RTE/Device/MK22FN512VLH12/system_MK22F51212.o
LOAD build/startup.o
START GROUP
LOAD /usr/lib/gcc/arm-none-eabi/9.3.0/thumb/v7e-m+fp/hard/libgcc.a
LOAD /usr/lib/gcc/arm-none-eabi/9.3.0/../../../../arm-none-eabi/lib/thumb/v7e-m+fp/hard/libc_nano.a
END GROUP
START GROUP
LOAD /usr/lib/gcc/arm-none-eabi/9.3.0/thumb/v7e-m+fp/hard/libgcc.a
LOAD /usr/lib/gcc/arm-none-eabi/9.3.0/../../../../arm-none-eabi/lib/thumb/v7e-m+fp/hard/libc_nano.a
LOAD /usr/lib/gcc/arm-none-eabi/9.3.0/../../../../arm-none-eabi/lib/thumb/v7e-m+fp/hard/libnosys.a
END GROUP
START GROUP
LOAD /usr/lib/gcc/arm-none-eabi/9.3.0/thumb/v7e-m+fp/hard/libgcc.a
LOAD /usr/lib/gcc/arm-none-eabi/9.3.0/../../../../arm-none-eabi/lib/thumb/v7e-m+fp/hard/libc_nano.a
LOAD /usr/lib/gcc/arm-none-eabi/9.3.0/../../../../arm-none-eabi/lib/thumb/v7e-m+fp/hard/libnosys.a
END GROUP
                0x0000000020010000                _estack = (ORIGIN (RAM) + LENGTH (RAM))

.isr_vector     0x0000000000000000      0x168
                0x0000000000000000                . = ALIGN (0x4)
 *(.isr_vector)
 .isr_vector    0x0000000000000000      0x168 build/startup.o
                0x0000000000000000                vtable
                0x0000000000000168                . = ALIGN (0x4)

.fcf_pad        0x0000000000000168      0x298
                0x0000000000000168                . = ALIGN (0x4)
 FILL mask 0xff
                0x0000000000000400                . = (ORIGIN (FLASH) + 0x400)
 *fill*         0x0000000000000168      0x298 ff

.flashconfig    0x0000000000000400       0x10
 *(.flashconfig)
 .flashconfig   0x0000000000000400       0x10 build/startup.o
                0x0000000000000400                flashconfig
                0x0000000000000001                ASSERT ((. == 0x410), ERROR: Flash Config Field not at 0x400!)

.text           0x0000000000000410      0x2c4
                0x0000000000000410                . = ALIGN (0x4)
 *(.text*)
 .text.ADC_Init
                0x0000000000000410       0x34 build/src/ADC.o
                0x0000000000000410                ADC_Init
 .text.ADC_Calibrate
                0x0000000000000444       0x90 build/src/ADC.o
                0x0000000000000444                ADC_Calibrate
 .text.DAC_Init
                0x00000000000004d4       0x54 build/src/DAC.o
                0x00000000000004d4                DAC_Init
 .text.PIT0_IRQHandler
                0x0000000000000528       0x10 build/src/main.o
                0x0000000000000528                PIT0_IRQHandler
 .text.startup.main
                0x0000000000000538       0x1c build/src/main.o
                0x0000000000000538                main
 .text.MCG_Clock120_Init
                0x0000000000000554       0x94 build/src/MCG.o
                0x0000000000000554                MCG_Clock120_Init
 .text.TimerInt_Init
                0x00000000000005e8       0x50 build/src/TimerInt.o
                0x00000000000005e8                TimerInt_Init
 .text.SystemInit
                0x0000000000000638       0x30 build/RTE/Device/MK22FN512VLH12/system_MK22F51212.o
                0x0000000000000638                SystemInit
 .text.Reset_Handler
                0x0000000000000668       0x68 build/startup.o
                0x0000000000000668                Reset_Handler
 .text.Default_Handler
                0x00000000000006d0        0x4 build/startup.o
                0x00000000000006d0                DebugMon_Handler
                0x00000000000006d0                I2C0_IRQHandler
                0x00000000000006d0                HardFault_Handler
                0x00000000000006d0                SysTick_Handler
                0x00000000000006d0                PendSV_Handler
                0x00000000000006d0                NMI_Handler
                0x00000000000006d0                UART0_RX_TX_IRQHandler
                0x00000000000006d0                I2C1_IRQHandler
                0x00000000000006d0                DMA2_IRQHandler
                0x00000000000006d0                LLWU_IRQHandler
                0x00000000000006d0                UART2_RX_TX_IRQHandler
                0x00000000000006d0                SWI_IRQHandler
                0x00000000000006d0                ADC0_IRQHandler
                0x00000000000006d0                UsageFault_Handler
                0x00000000000006d0                I2S0_Tx_IRQHandler
                0x00000000000006d0                SPI1_IRQHandler
                0x00000000000006d0                DMA9_IRQHandler
                0x00000000000006d0                DMA14_IRQHandler
                0x00000000000006d0                CMP1_IRQHandler
                0x00000000000006d0                PORTD_IRQHandler
                0x00000000000006d0                PORTB_IRQHandler
                0x00000000000006d0                ADC1_IRQHandler
                0x00000000000006d0                PIT2_IRQHandler
                0x00000000000006d0                I2S0_Rx_IRQHandler
                0x00000000000006d0                DMA5_IRQHandler
                0x00000000000006d0                RTC_IRQHandler
                0x00000000000006d0                PDB0_IRQHandler
                0x00000000000006d0                FTM1_IRQHandler
                0x00000000000006d0                PIT3_IRQHandler
                0x00000000000006d0                RTC_Seconds_IRQHandler
                0x00000000000006d0                MCG_IRQHandler
                0x00000000000006d0                UART2_ERR_IRQHandler
                0x00000000000006d0                DMA11_IRQHandler
                0x00000000000006d0                Read_Collision_IRQHandler
                0x00000000000006d0                Default_Handler
                0x00000000000006d0                DMA7_IRQHandler
                0x00000000000006d0                USB0_IRQHandler
                0x00000000000006d0                WDOG_EWM_IRQHandler
                0x00000000000006d0                MemManage_Handler
                0x00000000000006d0                SVC_Handler
                0x00000000000006d0                DMA13_IRQHandler
                0x00000000000006d0                DMA3_IRQHandler
                0x00000000000006d0                RNG_IRQHandler
                0x00000000000006d0                DMA0_IRQHandler
                0x00000000000006d0                LPUART0_IRQHandler
                0x00000000000006d0                DMA15_IRQHandler
                0x00000000000006d0                DAC0_IRQHandler
                0x00000000000006d0                DMA4_IRQHandler
                0x00000000000006d0                PIT1_IRQHandler
                0x00000000000006d0                UART0_ERR_IRQHandler
                0x00000000000006d0                DMA_Error_IRQHandler
                0x00000000000006d0                LVD_LVW_IRQHandler
                0x00000000000006d0                SPI0_IRQHandler
                0x00000000000006d0                FTM0_IRQHandler
                0x00000000000006d0                PORTA_IRQHandler
                0x00000000000006d0                DAC1_IRQHandler
                0x00000000000006d0                MCM_IRQHandler
                0x00000000000006d0                DMA12_IRQHandler
                0x00000000000006d0                FTM3_IRQHandler
                0x00000000000006d0                PORTE_IRQHandler
                0x00000000000006d0                FTM2_IRQHandler
                0x00000000000006d0                LPTMR0_IRQHandler
                0x00000000000006d0                BusFault_Handler
                0x00000000000006d0                DMA8_IRQHandler
                0x00000000000006d0                DMA10_IRQHandler
                0x00000000000006d0                UART1_ERR_IRQHandler
                0x00000000000006d0                UART1_RX_TX_IRQHandler
                0x00000000000006d0                CMP0_IRQHandler
                0x00000000000006d0                PORTC_IRQHandler
                0x00000000000006d0                DMA6_IRQHandler
                0x00000000000006d0                FTF_IRQHandler
                0x00000000000006d0                DMA1_IRQHandler
 *(.rodata*)
 *(.glue_7)
 .glue_7        0x00000000000006d4        0x0 linker stubs
 *(.glue_7t)
 .glue_7t       0x00000000000006d4        0x0 linker stubs
 *(.init)
 *(.fini)
                0x00000000000006d4                . = ALIGN (0x4)
                0x00000000000006d4                _etext = .

.vfp11_veneer   0x00000000000006d4        0x0
 .vfp11_veneer  0x00000000000006d4        0x0 linker stubs

.v4_bx          0x00000000000006d4        0x0
 .v4_bx         0x00000000000006d4        0x0 linker stubs

.iplt           0x00000000000006d4        0x0
 .iplt          0x00000000000006d4        0x0 build/src/main.o

.rel.dyn        0x00000000000006d4        0x0
 .rel.iplt      0x00000000000006d4        0x0 build/src/main.o

.ARM.extab
 *(.ARM.extab* .gnu.linkonce.armextab.*)

.ARM.exidx      0x00000000000006d4        0x0
                0x00000000000006d4                __exidx_start = .
 *(.ARM.exidx* .gnu.linkonce.armexidx.*)
                0x00000000000006d4                __exidx_end = .

.eh_frame
 *(.eh_frame)

.eh_frame_hdr
 *(.eh_frame_hdr)
                0x00000000000006d4                _sidata = LOADADDR (.data)

.data           0x000000001fff0000        0x0 load address 0x00000000000006d4
                0x000000001fff0000                . = ALIGN (0x4)
                0x000000001fff0000                _sdata = .
 *(.data*)
                0x000000001fff0000                . = ALIGN (0x4)
                0x000000001fff0000                _edata = .

.igot.plt       0x000000001fff0000        0x0 load address 0x00000000000006d4
 .igot.plt      0x000000001fff0000        0x0 build/src/main.o

.bss            0x000000001fff0000        0x0 load address 0x00000000000006d4
                0x000000001fff0000                . = ALIGN (0x4)
                0x000000001fff0000                _sbss = .
                0x000000001fff0000                __bss_start__ = _sbss
 *(.bss*)
 *(COMMON)
                0x000000001fff0000                . = ALIGN (0x4)
                0x000000001fff0000                _ebss = .
                0x000000001fff0000                __bss_end__ = _ebss
                0x000000001fff0000                . = ALIGN (0x8)
                0x000000001fff0000                _end = .
                0x000000001fff0000                end = .
                [!provide]                        PROVIDE (__heap_start = _end)
OUTPUT(build/warbling_wire.elf elf32-littlearm)

.comment        0x0000000000000000       0x11
 .comment       0x0000000000000000       0x11 build/src/ADC.o
                                         0x12 (size before relaxing)
 .comment       0x0000000000000011       0x12 build/src/DAC.o
 .comment       0x0000000000000011       0x12 build/src/main.o
 .comment       0x0000000000000011       0x12 build/src/MCG.o
 .comment       0x0000000000000011       0x12 build/src/TimerInt.o
 .comment       0x0000000000000011       0x12 build/RTE/Device/MK22FN512VLH12/system_MK22F51212.o

.ARM.attributes
                0x0000000000000000       0x32
 .ARM.attributes
                0x0000000000000000       0x34 build/src/ADC.o
 .ARM.attributes
                0x0000000000000034       0x34 build/src/DAC.o
 .ARM.attributes
                0x0000000000000068       0x34 build/src/main.o
 .ARM.attributes
                0x000000000000009c       0x34 build/src/MCG.o
 .ARM.attributes
                0x00000000000000d0       0x34 build/src/TimerInt.o
 .ARM.attributes
                0x0000000000000104       0x34 build/RTE/Device/MK22FN512VLH12/system_MK22F51212.o
 .ARM.attributes
                0x0000000000000138       0x25 build/startup.o
